2026-03-05 11:16:33,868 INFO o.a.j.u.JMeterUtils: Setting Locale to en_EN
2026-03-05 11:16:33,890 INFO o.a.j.JMeter: Loading user properties from: C:\GitProject\KiemThuPhanMem\JMeter\apache-jmeter-5.6.3\bin\user.properties
2026-03-05 11:16:33,891 INFO o.a.j.JMeter: Loading system properties from: C:\GitProject\KiemThuPhanMem\JMeter\apache-jmeter-5.6.3\bin\system.properties
2026-03-05 11:16:33,904 INFO o.a.j.JMeter: Copyright (c) 1998-2024 The Apache Software Foundation
2026-03-05 11:16:33,904 INFO o.a.j.JMeter: Version 5.6.3
2026-03-05 11:16:33,905 INFO o.a.j.JMeter: java.version=25.0.2
2026-03-05 11:16:33,905 INFO o.a.j.JMeter: java.vm.name=Java HotSpot(TM) 64-Bit Server VM
2026-03-05 11:16:33,905 INFO o.a.j.JMeter: os.name=Windows 11
2026-03-05 11:16:33,905 INFO o.a.j.JMeter: os.arch=amd64
2026-03-05 11:16:33,905 INFO o.a.j.JMeter: os.version=10.0
2026-03-05 11:16:33,905 INFO o.a.j.JMeter: file.encoding=UTF-8
2026-03-05 11:16:33,906 INFO o.a.j.JMeter: java.awt.headless=true
2026-03-05 11:16:33,906 INFO o.a.j.JMeter: Max memory     =1073741824
2026-03-05 11:16:33,906 INFO o.a.j.JMeter: Available Processors =12
2026-03-05 11:16:33,922 INFO o.a.j.JMeter: Default Locale=English (EN)
2026-03-05 11:16:33,922 INFO o.a.j.JMeter: JMeter  Locale=English (EN)
2026-03-05 11:16:33,922 INFO o.a.j.JMeter: JMeterHome=C:\GitProject\KiemThuPhanMem\JMeter\apache-jmeter-5.6.3
2026-03-05 11:16:33,922 INFO o.a.j.JMeter: user.dir  =C:\GitProject\KiemThuPhanMem\JMeter
2026-03-05 11:16:33,923 INFO o.a.j.JMeter: PWD       =C:\GitProject\KiemThuPhanMem\JMeter
2026-03-05 11:16:33,924 INFO o.a.j.JMeter: IP: 172.17.154.100 Name: MSI FullName: MSI
2026-03-05 11:16:33,946 INFO o.a.j.s.FileServer: Default base='C:\GitProject\KiemThuPhanMem\JMeter'
2026-03-05 11:16:33,948 INFO o.a.j.s.FileServer: Set new base='C:\GitProject\KiemThuPhanMem\JMeter'
2026-03-05 11:16:34,310 INFO o.a.j.s.SaveService: Testplan (JMX) version: 2.2. Testlog (JTL) version: 2.2
2026-03-05 11:16:34,337 INFO o.a.j.s.SaveService: Using SaveService properties version 5.0
2026-03-05 11:16:34,339 INFO o.a.j.s.SaveService: Using SaveService properties file encoding UTF-8
2026-03-05 11:16:34,343 INFO o.a.j.s.SaveService: Loading file: TestPlan.jmx
2026-03-05 11:16:34,397 INFO o.a.j.p.h.s.HTTPSamplerBase: Parser for text/html is org.apache.jmeter.protocol.http.parser.LagartoBasedHtmlParser
2026-03-05 11:16:34,397 INFO o.a.j.p.h.s.HTTPSamplerBase: Parser for application/xhtml+xml is org.apache.jmeter.protocol.http.parser.LagartoBasedHtmlParser
2026-03-05 11:16:34,397 INFO o.a.j.p.h.s.HTTPSamplerBase: Parser for application/xml is org.apache.jmeter.protocol.http.parser.LagartoBasedHtmlParser
2026-03-05 11:16:34,397 INFO o.a.j.p.h.s.HTTPSamplerBase: Parser for text/xml is org.apache.jmeter.protocol.http.parser.LagartoBasedHtmlParser
2026-03-05 11:16:34,397 INFO o.a.j.p.h.s.HTTPSamplerBase: Parser for text/vnd.wap.wml is org.apache.jmeter.protocol.http.parser.RegexpHTMLParser
2026-03-05 11:16:34,397 INFO o.a.j.p.h.s.HTTPSamplerBase: Parser for text/css is org.apache.jmeter.protocol.http.parser.CssParser
2026-03-05 11:16:34,426 INFO o.a.j.JMeter: Creating summariser <summary>
2026-03-05 11:16:34,437 INFO o.a.j.e.StandardJMeterEngine: Running the test!
2026-03-05 11:16:34,438 INFO o.a.j.s.SampleEvent: List of sample_variables: []
2026-03-05 11:16:34,438 INFO o.a.j.s.SampleEvent: List of sample_variables: []
2026-03-05 11:16:34,443 INFO o.a.j.e.u.CompoundVariable: Note: Function class names must contain the string: '.functions.'
2026-03-05 11:16:34,444 INFO o.a.j.e.u.CompoundVariable: Note: Function class names must not contain the string: '.gui.'
2026-03-05 11:16:34,524 INFO o.a.j.JMeter: Running test (1772684194524)
2026-03-05 11:16:34,542 INFO o.a.j.e.StandardJMeterEngine: Starting ThreadGroup: 1 : Thread Group 1 - Base Load
2026-03-05 11:16:34,542 INFO o.a.j.e.StandardJMeterEngine: Starting 10 threads for group Thread Group 1 - Base Load.
2026-03-05 11:16:34,542 INFO o.a.j.e.StandardJMeterEngine: Thread will continue on error
2026-03-05 11:16:34,542 INFO o.a.j.t.ThreadGroup: Starting thread group... number=1 threads=10 ramp-up=1 delayedStart=false
2026-03-05 11:16:34,546 INFO o.a.j.t.ThreadGroup: Started thread group number 1
2026-03-05 11:16:34,546 INFO o.a.j.e.StandardJMeterEngine: Starting ThreadGroup: 2 : Thread Group 2 - Heavy Load
2026-03-05 11:16:34,547 INFO o.a.j.e.StandardJMeterEngine: Starting 50 threads for group Thread Group 2 - Heavy Load.
2026-03-05 11:16:34,547 INFO o.a.j.e.StandardJMeterEngine: Thread will continue on error
2026-03-05 11:16:34,546 INFO o.a.j.t.JMeterThread: Thread started: Thread Group 1 - Base Load 1-1
2026-03-05 11:16:34,547 INFO o.a.j.t.ThreadGroup: Starting thread group... number=2 threads=50 ramp-up=30 delayedStart=false
2026-03-05 11:16:34,548 INFO o.a.j.t.JMeterThread: Thread started: Thread Group 2 - Heavy Load 2-1
2026-03-05 11:16:34,563 INFO o.a.j.t.ThreadGroup: Started thread group number 2
2026-03-05 11:16:34,563 INFO o.a.j.e.StandardJMeterEngine: Starting ThreadGroup: 3 : Thread Group 3 - Custom Load
2026-03-05 11:16:34,563 INFO o.a.j.e.StandardJMeterEngine: Starting 20 threads for group Thread Group 3 - Custom Load.
2026-03-05 11:16:34,563 INFO o.a.j.e.StandardJMeterEngine: Thread will continue on error
2026-03-05 11:16:34,563 INFO o.a.j.t.ThreadGroup: Starting thread group... number=3 threads=20 ramp-up=1 delayedStart=false
2026-03-05 11:16:34,565 INFO o.a.j.t.JMeterThread: Thread started: Thread Group 3 - Custom Load 3-1
2026-03-05 11:16:34,572 INFO o.a.j.t.ThreadGroup: Started thread group number 3
2026-03-05 11:16:34,572 INFO o.a.j.e.StandardJMeterEngine: All thread groups have been started
2026-03-05 11:16:34,577 INFO o.a.j.p.h.s.HTTPHCAbstractImpl: Local host = MSI
2026-03-05 11:16:34,585 INFO o.a.j.p.h.s.HTTPHC4Impl: HTTP request retry count = 0
2026-03-05 11:16:34,586 INFO o.a.j.s.SampleResult: Note: Sample TimeStamps are START times
2026-03-05 11:16:34,588 INFO o.a.j.s.SampleResult: sampleresult.default.encoding is set to UTF-8
2026-03-05 11:16:34,588 INFO o.a.j.s.SampleResult: sampleresult.useNanoTime=true
2026-03-05 11:16:34,588 INFO o.a.j.s.SampleResult: sampleresult.nanoThreadSleep=5000
2026-03-05 11:16:34,614 INFO o.a.j.t.JMeterThread: Thread started: Thread Group 3 - Custom Load 3-2
2026-03-05 11:16:34,646 INFO o.a.j.t.JMeterThread: Thread started: Thread Group 1 - Base Load 1-2
2026-03-05 11:16:34,664 INFO o.a.j.t.JMeterThread: Thread started: Thread Group 3 - Custom Load 3-3
2026-03-05 11:16:34,715 INFO o.a.j.t.JMeterThread: Thread started: Thread Group 3 - Custom Load 3-4
2026-03-05 11:16:34,745 INFO o.a.j.t.JMeterThread: Thread started: Thread Group 1 - Base Load 1-3
2026-03-05 11:16:34,754 INFO o.a.j.p.h.s.h.LazyLayeredConnectionSocketFactory: Setting up HTTPS TrustAll Socket Factory
2026-03-05 11:16:34,759 INFO o.a.j.u.JsseSSLManager: Using default SSL protocol: TLS
2026-03-05 11:16:34,759 INFO o.a.j.u.JsseSSLManager: SSL session context: per-thread
2026-03-05 11:16:34,763 INFO o.a.j.t.JMeterThread: Thread started: Thread Group 3 - Custom Load 3-5
2026-03-05 11:16:34,814 INFO o.a.j.t.JMeterThread: Thread started: Thread Group 3 - Custom Load 3-6
2026-03-05 11:16:34,844 INFO o.a.j.u.SSLManager: JmeterKeyStore Location:  type JKS
2026-03-05 11:16:34,845 INFO o.a.j.t.JMeterThread: Thread started: Thread Group 1 - Base Load 1-4
2026-03-05 11:16:34,846 INFO o.a.j.u.SSLManager: KeyStore created OK
2026-03-05 11:16:34,847 WARN o.a.j.u.SSLManager: Keystore file not found, loading empty keystore
2026-03-05 11:16:34,864 INFO o.a.j.t.JMeterThread: Thread started: Thread Group 3 - Custom Load 3-7
2026-03-05 11:16:34,915 INFO o.a.j.t.JMeterThread: Thread started: Thread Group 3 - Custom Load 3-8
2026-03-05 11:16:34,944 INFO o.a.j.t.JMeterThread: Thread started: Thread Group 1 - Base Load 1-5
2026-03-05 11:16:34,966 INFO o.a.j.t.JMeterThread: Thread started: Thread Group 3 - Custom Load 3-9
2026-03-05 11:16:35,016 INFO o.a.j.t.JMeterThread: Thread started: Thread Group 3 - Custom Load 3-10
2026-03-05 11:16:35,045 INFO o.a.j.t.JMeterThread: Thread started: Thread Group 1 - Base Load 1-6
2026-03-05 11:16:35,066 INFO o.a.j.t.JMeterThread: Thread started: Thread Group 3 - Custom Load 3-11
2026-03-05 11:16:35,115 INFO o.a.j.t.JMeterThread: Thread started: Thread Group 3 - Custom Load 3-12
2026-03-05 11:16:35,170 INFO o.a.j.t.JMeterThread: Thread started: Thread Group 1 - Base Load 1-7
2026-03-05 11:16:35,171 INFO o.a.j.t.JMeterThread: Thread started: Thread Group 2 - Heavy Load 2-2
2026-03-05 11:16:35,171 INFO o.a.j.t.JMeterThread: Thread started: Thread Group 3 - Custom Load 3-13
2026-03-05 11:16:35,216 INFO o.a.j.t.JMeterThread: Thread started: Thread Group 3 - Custom Load 3-14
2026-03-05 11:16:35,242 INFO o.a.j.r.Summariser: summary +      1 in 00:00:01 =    1.4/s Avg:   389 Min:   389 Max:   389 Err:     1 (100.00%) Active: 23 Started: 23 Finished: 0
2026-03-05 11:16:35,244 INFO o.a.j.t.JMeterThread: Thread started: Thread Group 1 - Base Load 1-8
2026-03-05 11:16:35,266 INFO o.a.j.t.JMeterThread: Thread started: Thread Group 3 - Custom Load 3-15
2026-03-05 11:16:35,280 INFO o.a.j.t.JMeterThread: Thread is done: Thread Group 2 - Heavy Load 2-1
2026-03-05 11:16:35,281 INFO o.a.j.t.JMeterThread: Thread finished: Thread Group 2 - Heavy Load 2-1
2026-03-05 11:16:35,316 INFO o.a.j.t.JMeterThread: Thread started: Thread Group 3 - Custom Load 3-16
2026-03-05 11:16:35,343 INFO o.a.j.t.JMeterThread: Thread started: Thread Group 1 - Base Load 1-9
2026-03-05 11:16:35,349 INFO o.a.j.t.JMeterThread: Thread is done: Thread Group 2 - Heavy Load 2-2
2026-03-05 11:16:35,349 INFO o.a.j.t.JMeterThread: Thread finished: Thread Group 2 - Heavy Load 2-2
2026-03-05 11:16:35,365 INFO o.a.j.t.JMeterThread: Thread started: Thread Group 3 - Custom Load 3-17
2026-03-05 11:16:35,401 INFO o.a.j.t.JMeterThread: Thread is done: Thread Group 1 - Base Load 1-1
2026-03-05 11:16:35,401 INFO o.a.j.t.JMeterThread: Thread finished: Thread Group 1 - Base Load 1-1
2026-03-05 11:16:35,406 INFO o.a.j.t.JMeterThread: Thread is done: Thread Group 1 - Base Load 1-5
2026-03-05 11:16:35,406 INFO o.a.j.t.JMeterThread: Thread finished: Thread Group 1 - Base Load 1-5
2026-03-05 11:16:35,416 INFO o.a.j.t.JMeterThread: Thread started: Thread Group 3 - Custom Load 3-18
2026-03-05 11:16:35,437 INFO o.a.j.t.JMeterThread: Thread is done: Thread Group 1 - Base Load 1-2
2026-03-05 11:16:35,437 INFO o.a.j.t.JMeterThread: Thread is done: Thread Group 1 - Base Load 1-6
2026-03-05 11:16:35,437 INFO o.a.j.t.JMeterThread: Thread finished: Thread Group 1 - Base Load 1-2
2026-03-05 11:16:35,437 INFO o.a.j.t.JMeterThread: Thread finished: Thread Group 1 - Base Load 1-6
2026-03-05 11:16:35,444 INFO o.a.j.t.JMeterThread: Thread started: Thread Group 1 - Base Load 1-10
2026-03-05 11:16:35,451 INFO o.a.j.t.JMeterThread: Thread is done: Thread Group 1 - Base Load 1-4
2026-03-05 11:16:35,452 INFO o.a.j.t.JMeterThread: Thread finished: Thread Group 1 - Base Load 1-4
2026-03-05 11:16:35,455 INFO o.a.j.t.JMeterThread: Thread is done: Thread Group 1 - Base Load 1-3
2026-03-05 11:16:35,455 INFO o.a.j.t.JMeterThread: Thread finished: Thread Group 1 - Base Load 1-3
2026-03-05 11:16:35,466 INFO o.a.j.t.JMeterThread: Thread started: Thread Group 3 - Custom Load 3-19
2026-03-05 11:16:35,472 INFO o.a.j.t.JMeterThread: Thread is done: Thread Group 1 - Base Load 1-7
2026-03-05 11:16:35,472 INFO o.a.j.t.JMeterThread: Thread finished: Thread Group 1 - Base Load 1-7
2026-03-05 11:16:35,515 INFO o.a.j.t.JMeterThread: Thread started: Thread Group 3 - Custom Load 3-20
2026-03-05 11:16:35,562 INFO o.a.j.t.JMeterThread: Thread is done: Thread Group 1 - Base Load 1-8
2026-03-05 11:16:35,562 INFO o.a.j.t.JMeterThread: Thread finished: Thread Group 1 - Base Load 1-8
2026-03-05 11:16:35,646 INFO o.a.j.t.JMeterThread: Thread is done: Thread Group 1 - Base Load 1-9
2026-03-05 11:16:35,646 INFO o.a.j.t.JMeterThread: Thread finished: Thread Group 1 - Base Load 1-9
2026-03-05 11:16:35,726 INFO o.a.j.t.JMeterThread: Thread is done: Thread Group 1 - Base Load 1-10
2026-03-05 11:16:35,726 INFO o.a.j.t.JMeterThread: Thread finished: Thread Group 1 - Base Load 1-10
2026-03-05 11:16:35,747 INFO o.a.j.t.JMeterThread: Thread started: Thread Group 2 - Heavy Load 2-3
2026-03-05 11:16:35,924 INFO o.a.j.t.JMeterThread: Thread is done: Thread Group 2 - Heavy Load 2-3
2026-03-05 11:16:35,924 INFO o.a.j.t.JMeterThread: Thread finished: Thread Group 2 - Heavy Load 2-3
2026-03-05 11:16:36,348 INFO o.a.j.t.JMeterThread: Thread started: Thread Group 2 - Heavy Load 2-4
2026-03-05 11:16:36,549 INFO o.a.j.t.JMeterThread: Thread is done: Thread Group 2 - Heavy Load 2-4
2026-03-05 11:16:36,550 INFO o.a.j.t.JMeterThread: Thread finished: Thread Group 2 - Heavy Load 2-4
2026-03-05 11:16:36,948 INFO o.a.j.t.JMeterThread: Thread started: Thread Group 2 - Heavy Load 2-5
2026-03-05 11:16:37,136 INFO o.a.j.t.JMeterThread: Thread is done: Thread Group 2 - Heavy Load 2-5
2026-03-05 11:16:37,136 INFO o.a.j.t.JMeterThread: Thread finished: Thread Group 2 - Heavy Load 2-5
2026-03-05 11:16:37,548 INFO o.a.j.t.JMeterThread: Thread started: Thread Group 2 - Heavy Load 2-6
2026-03-05 11:16:37,710 INFO o.a.j.t.JMeterThread: Thread is done: Thread Group 2 - Heavy Load 2-6
2026-03-05 11:16:37,711 INFO o.a.j.t.JMeterThread: Thread finished: Thread Group 2 - Heavy Load 2-6
2026-03-05 11:16:38,153 INFO o.a.j.t.JMeterThread: Thread started: Thread Group 2 - Heavy Load 2-7
2026-03-05 11:16:38,316 INFO o.a.j.t.JMeterThread: Thread is done: Thread Group 2 - Heavy Load 2-7
2026-03-05 11:16:38,316 INFO o.a.j.t.JMeterThread: Thread finished: Thread Group 2 - Heavy Load 2-7
2026-03-05 11:16:38,755 INFO o.a.j.t.JMeterThread: Thread started: Thread Group 2 - Heavy Load 2-8
2026-03-05 11:16:38,924 INFO o.a.j.t.JMeterThread: Thread is done: Thread Group 2 - Heavy Load 2-8
2026-03-05 11:16:38,924 INFO o.a.j.t.JMeterThread: Thread finished: Thread Group 2 - Heavy Load 2-8
2026-03-05 11:16:39,351 INFO o.a.j.t.JMeterThread: Thread started: Thread Group 2 - Heavy Load 2-9
2026-03-05 11:16:39,523 INFO o.a.j.t.JMeterThread: Thread is done: Thread Group 2 - Heavy Load 2-9
2026-03-05 11:16:39,523 INFO o.a.j.t.JMeterThread: Thread finished: Thread Group 2 - Heavy Load 2-9
2026-03-05 11:16:39,960 INFO o.a.j.t.JMeterThread: Thread started: Thread Group 2 - Heavy Load 2-10
2026-03-05 11:16:40,128 INFO o.a.j.t.JMeterThread: Thread is done: Thread Group 2 - Heavy Load 2-10
2026-03-05 11:16:40,129 INFO o.a.j.t.JMeterThread: Thread finished: Thread Group 2 - Heavy Load 2-10
2026-03-05 11:16:40,556 INFO o.a.j.t.JMeterThread: Thread started: Thread Group 2 - Heavy Load 2-11
2026-03-05 11:16:40,739 INFO o.a.j.t.JMeterThread: Thread is done: Thread Group 2 - Heavy Load 2-11
2026-03-05 11:16:40,739 INFO o.a.j.t.JMeterThread: Thread finished: Thread Group 2 - Heavy Load 2-11
2026-03-05 11:16:41,155 INFO o.a.j.t.JMeterThread: Thread started: Thread Group 2 - Heavy Load 2-12
2026-03-05 11:16:41,333 INFO o.a.j.t.JMeterThread: Thread is done: Thread Group 2 - Heavy Load 2-12
2026-03-05 11:16:41,333 INFO o.a.j.t.JMeterThread: Thread finished: Thread Group 2 - Heavy Load 2-12
2026-03-05 11:16:41,753 INFO o.a.j.t.JMeterThread: Thread started: Thread Group 2 - Heavy Load 2-13
2026-03-05 11:16:41,918 INFO o.a.j.t.JMeterThread: Thread is done: Thread Group 2 - Heavy Load 2-13
2026-03-05 11:16:41,918 INFO o.a.j.t.JMeterThread: Thread finished: Thread Group 2 - Heavy Load 2-13
2026-03-05 11:16:42,354 INFO o.a.j.t.JMeterThread: Thread started: Thread Group 2 - Heavy Load 2-14
2026-03-05 11:16:42,529 INFO o.a.j.t.JMeterThread: Thread is done: Thread Group 2 - Heavy Load 2-14
2026-03-05 11:16:42,529 INFO o.a.j.t.JMeterThread: Thread finished: Thread Group 2 - Heavy Load 2-14
2026-03-05 11:16:42,956 INFO o.a.j.t.JMeterThread: Thread started: Thread Group 2 - Heavy Load 2-15
2026-03-05 11:16:43,117 INFO o.a.j.t.JMeterThread: Thread is done: Thread Group 2 - Heavy Load 2-15
2026-03-05 11:16:43,117 INFO o.a.j.t.JMeterThread: Thread finished: Thread Group 2 - Heavy Load 2-15
2026-03-05 11:16:43,552 INFO o.a.j.t.JMeterThread: Thread started: Thread Group 2 - Heavy Load 2-16
2026-03-05 11:16:43,713 INFO o.a.j.t.JMeterThread: Thread is done: Thread Group 2 - Heavy Load 2-16
2026-03-05 11:16:43,713 INFO o.a.j.t.JMeterThread: Thread finished: Thread Group 2 - Heavy Load 2-16
2026-03-05 11:16:44,154 INFO o.a.j.t.JMeterThread: Thread started: Thread Group 2 - Heavy Load 2-17
2026-03-05 11:16:44,317 INFO o.a.j.t.JMeterThread: Thread is done: Thread Group 2 - Heavy Load 2-17
2026-03-05 11:16:44,317 INFO o.a.j.t.JMeterThread: Thread finished: Thread Group 2 - Heavy Load 2-17
2026-03-05 11:16:44,752 INFO o.a.j.t.JMeterThread: Thread started: Thread Group 2 - Heavy Load 2-18
2026-03-05 11:16:44,914 INFO o.a.j.t.JMeterThread: Thread is done: Thread Group 2 - Heavy Load 2-18
2026-03-05 11:16:44,914 INFO o.a.j.t.JMeterThread: Thread finished: Thread Group 2 - Heavy Load 2-18
2026-03-05 11:16:45,353 INFO o.a.j.t.JMeterThread: Thread started: Thread Group 2 - Heavy Load 2-19
2026-03-05 11:16:45,514 INFO o.a.j.t.JMeterThread: Thread is done: Thread Group 2 - Heavy Load 2-19
2026-03-05 11:16:45,514 INFO o.a.j.t.JMeterThread: Thread finished: Thread Group 2 - Heavy Load 2-19
2026-03-05 11:16:45,951 INFO o.a.j.t.JMeterThread: Thread started: Thread Group 2 - Heavy Load 2-20
2026-03-05 11:16:46,127 INFO o.a.j.t.JMeterThread: Thread is done: Thread Group 2 - Heavy Load 2-20
2026-03-05 11:16:46,127 INFO o.a.j.t.JMeterThread: Thread finished: Thread Group 2 - Heavy Load 2-20
2026-03-05 11:16:46,560 INFO o.a.j.t.JMeterThread: Thread started: Thread Group 2 - Heavy Load 2-21
2026-03-05 11:16:46,731 INFO o.a.j.t.JMeterThread: Thread is done: Thread Group 2 - Heavy Load 2-21
2026-03-05 11:16:46,731 INFO o.a.j.t.JMeterThread: Thread finished: Thread Group 2 - Heavy Load 2-21
2026-03-05 11:16:47,150 INFO o.a.j.t.JMeterThread: Thread started: Thread Group 2 - Heavy Load 2-22
2026-03-05 11:16:47,346 INFO o.a.j.t.JMeterThread: Thread is done: Thread Group 2 - Heavy Load 2-22
2026-03-05 11:16:47,346 INFO o.a.j.t.JMeterThread: Thread finished: Thread Group 2 - Heavy Load 2-22
2026-03-05 11:16:47,752 INFO o.a.j.t.JMeterThread: Thread started: Thread Group 2 - Heavy Load 2-23
2026-03-05 11:16:47,924 INFO o.a.j.t.JMeterThread: Thread is done: Thread Group 2 - Heavy Load 2-23
2026-03-05 11:16:47,924 INFO o.a.j.t.JMeterThread: Thread finished: Thread Group 2 - Heavy Load 2-23
2026-03-05 11:16:48,357 INFO o.a.j.t.JMeterThread: Thread started: Thread Group 2 - Heavy Load 2-24
2026-03-05 11:16:48,514 INFO o.a.j.t.JMeterThread: Thread is done: Thread Group 2 - Heavy Load 2-24
2026-03-05 11:16:48,514 INFO o.a.j.t.JMeterThread: Thread finished: Thread Group 2 - Heavy Load 2-24
2026-03-05 11:16:48,962 INFO o.a.j.t.JMeterThread: Thread started: Thread Group 2 - Heavy Load 2-25
2026-03-05 11:16:49,150 INFO o.a.j.t.JMeterThread: Thread is done: Thread Group 2 - Heavy Load 2-25
2026-03-05 11:16:49,150 INFO o.a.j.t.JMeterThread: Thread finished: Thread Group 2 - Heavy Load 2-25
2026-03-05 11:16:49,550 INFO o.a.j.t.JMeterThread: Thread started: Thread Group 2 - Heavy Load 2-26
2026-03-05 11:16:49,746 INFO o.a.j.t.JMeterThread: Thread is done: Thread Group 2 - Heavy Load 2-26
2026-03-05 11:16:49,747 INFO o.a.j.t.JMeterThread: Thread finished: Thread Group 2 - Heavy Load 2-26
2026-03-05 11:16:50,154 INFO o.a.j.t.JMeterThread: Thread started: Thread Group 2 - Heavy Load 2-27
2026-03-05 11:16:50,338 INFO o.a.j.t.JMeterThread: Thread is done: Thread Group 2 - Heavy Load 2-27
2026-03-05 11:16:50,338 INFO o.a.j.t.JMeterThread: Thread finished: Thread Group 2 - Heavy Load 2-27
2026-03-05 11:16:50,758 INFO o.a.j.t.JMeterThread: Thread started: Thread Group 2 - Heavy Load 2-28
2026-03-05 11:16:50,969 INFO o.a.j.t.JMeterThread: Thread is done: Thread Group 2 - Heavy Load 2-28
2026-03-05 11:16:50,970 INFO o.a.j.t.JMeterThread: Thread finished: Thread Group 2 - Heavy Load 2-28
2026-03-05 11:16:51,360 INFO o.a.j.t.JMeterThread: Thread started: Thread Group 2 - Heavy Load 2-29
2026-03-05 11:16:51,571 INFO o.a.j.t.JMeterThread: Thread is done: Thread Group 2 - Heavy Load 2-29
2026-03-05 11:16:51,572 INFO o.a.j.t.JMeterThread: Thread finished: Thread Group 2 - Heavy Load 2-29
2026-03-05 11:16:51,960 INFO o.a.j.t.JMeterThread: Thread started: Thread Group 2 - Heavy Load 2-30
2026-03-05 11:16:52,455 INFO o.a.j.t.JMeterThread: Thread is done: Thread Group 2 - Heavy Load 2-30
2026-03-05 11:16:52,455 INFO o.a.j.t.JMeterThread: Thread finished: Thread Group 2 - Heavy Load 2-30
2026-03-05 11:16:52,559 INFO o.a.j.t.JMeterThread: Thread started: Thread Group 2 - Heavy Load 2-31
2026-03-05 11:16:52,769 INFO o.a.j.t.JMeterThread: Thread is done: Thread Group 2 - Heavy Load 2-31
2026-03-05 11:16:52,769 INFO o.a.j.t.JMeterThread: Thread finished: Thread Group 2 - Heavy Load 2-31
2026-03-05 11:16:53,150 INFO o.a.j.t.JMeterThread: Thread started: Thread Group 2 - Heavy Load 2-32
2026-03-05 11:16:53,360 INFO o.a.j.t.JMeterThread: Thread is done: Thread Group 2 - Heavy Load 2-32
2026-03-05 11:16:53,361 INFO o.a.j.t.JMeterThread: Thread finished: Thread Group 2 - Heavy Load 2-32
2026-03-05 11:16:53,750 INFO o.a.j.t.JMeterThread: Thread started: Thread Group 2 - Heavy Load 2-33
2026-03-05 11:16:53,941 INFO o.a.j.t.JMeterThread: Thread is done: Thread Group 2 - Heavy Load 2-33
2026-03-05 11:16:53,941 INFO o.a.j.t.JMeterThread: Thread finished: Thread Group 2 - Heavy Load 2-33
2026-03-05 11:16:54,361 INFO o.a.j.t.JMeterThread: Thread started: Thread Group 2 - Heavy Load 2-34
2026-03-05 11:16:54,526 INFO o.a.j.t.JMeterThread: Thread is done: Thread Group 2 - Heavy Load 2-34
2026-03-05 11:16:54,526 INFO o.a.j.t.JMeterThread: Thread finished: Thread Group 2 - Heavy Load 2-34
2026-03-05 11:16:54,951 INFO o.a.j.t.JMeterThread: Thread started: Thread Group 2 - Heavy Load 2-35
2026-03-05 11:16:55,110 INFO o.a.j.t.JMeterThread: Thread is done: Thread Group 2 - Heavy Load 2-35
2026-03-05 11:16:55,110 INFO o.a.j.t.JMeterThread: Thread finished: Thread Group 2 - Heavy Load 2-35
2026-03-05 11:16:55,555 INFO o.a.j.t.JMeterThread: Thread started: Thread Group 2 - Heavy Load 2-36
2026-03-05 11:16:55,741 INFO o.a.j.t.JMeterThread: Thread is done: Thread Group 2 - Heavy Load 2-36
2026-03-05 11:16:55,741 INFO o.a.j.t.JMeterThread: Thread finished: Thread Group 2 - Heavy Load 2-36
2026-03-05 11:16:56,155 INFO o.a.j.t.JMeterThread: Thread started: Thread Group 2 - Heavy Load 2-37
2026-03-05 11:16:56,346 INFO o.a.j.t.JMeterThread: Thread is done: Thread Group 2 - Heavy Load 2-37
2026-03-05 11:16:56,346 INFO o.a.j.t.JMeterThread: Thread finished: Thread Group 2 - Heavy Load 2-37
2026-03-05 11:16:56,760 INFO o.a.j.t.JMeterThread: Thread started: Thread Group 2 - Heavy Load 2-38
2026-03-05 11:16:56,950 INFO o.a.j.t.JMeterThread: Thread is done: Thread Group 2 - Heavy Load 2-38
2026-03-05 11:16:56,951 INFO o.a.j.t.JMeterThread: Thread finished: Thread Group 2 - Heavy Load 2-38
2026-03-05 11:16:57,355 INFO o.a.j.t.JMeterThread: Thread started: Thread Group 2 - Heavy Load 2-39
2026-03-05 11:16:57,538 INFO o.a.j.t.JMeterThread: Thread is done: Thread Group 2 - Heavy Load 2-39
2026-03-05 11:16:57,538 INFO o.a.j.t.JMeterThread: Thread finished: Thread Group 2 - Heavy Load 2-39
2026-03-05 11:16:57,952 INFO o.a.j.t.JMeterThread: Thread started: Thread Group 2 - Heavy Load 2-40
2026-03-05 11:16:58,117 INFO o.a.j.t.JMeterThread: Thread is done: Thread Group 2 - Heavy Load 2-40
2026-03-05 11:16:58,117 INFO o.a.j.t.JMeterThread: Thread finished: Thread Group 2 - Heavy Load 2-40
2026-03-05 11:16:58,554 INFO o.a.j.t.JMeterThread: Thread started: Thread Group 2 - Heavy Load 2-41
2026-03-05 11:16:58,736 INFO o.a.j.t.JMeterThread: Thread is done: Thread Group 2 - Heavy Load 2-41
2026-03-05 11:16:58,736 INFO o.a.j.t.JMeterThread: Thread finished: Thread Group 2 - Heavy Load 2-41
2026-03-05 11:16:59,158 INFO o.a.j.t.JMeterThread: Thread started: Thread Group 2 - Heavy Load 2-42
2026-03-05 11:16:59,339 INFO o.a.j.t.JMeterThread: Thread is done: Thread Group 2 - Heavy Load 2-42
2026-03-05 11:16:59,339 INFO o.a.j.t.JMeterThread: Thread finished: Thread Group 2 - Heavy Load 2-42
2026-03-05 11:16:59,748 INFO o.a.j.t.JMeterThread: Thread started: Thread Group 2 - Heavy Load 2-43
2026-03-05 11:16:59,927 INFO o.a.j.t.JMeterThread: Thread is done: Thread Group 2 - Heavy Load 2-43
2026-03-05 11:16:59,927 INFO o.a.j.t.JMeterThread: Thread finished: Thread Group 2 - Heavy Load 2-43
2026-03-05 11:17:00,005 INFO o.a.j.r.Summariser: summary +  11458 in 00:00:25 =  462.7/s Avg:    44 Min:    35 Max:  1159 Err: 11458 (100.00%) Active: 20 Started: 73 Finished: 53
2026-03-05 11:17:00,005 INFO o.a.j.r.Summariser: summary =  11459 in 00:00:25 =  449.7/s Avg:    44 Min:    35 Max:  1159 Err: 11459 (100.00%)
2026-03-05 11:17:00,348 INFO o.a.j.t.JMeterThread: Thread started: Thread Group 2 - Heavy Load 2-44
2026-03-05 11:17:00,538 INFO o.a.j.t.JMeterThread: Thread is done: Thread Group 2 - Heavy Load 2-44
2026-03-05 11:17:00,538 INFO o.a.j.t.JMeterThread: Thread finished: Thread Group 2 - Heavy Load 2-44
2026-03-05 11:17:00,960 INFO o.a.j.t.JMeterThread: Thread started: Thread Group 2 - Heavy Load 2-45
2026-03-05 11:17:01,144 INFO o.a.j.t.JMeterThread: Thread is done: Thread Group 2 - Heavy Load 2-45
2026-03-05 11:17:01,145 INFO o.a.j.t.JMeterThread: Thread finished: Thread Group 2 - Heavy Load 2-45
2026-03-05 11:17:01,562 INFO o.a.j.t.JMeterThread: Thread started: Thread Group 2 - Heavy Load 2-46
2026-03-05 11:17:01,723 INFO o.a.j.t.JMeterThread: Thread is done: Thread Group 2 - Heavy Load 2-46
2026-03-05 11:17:01,723 INFO o.a.j.t.JMeterThread: Thread finished: Thread Group 2 - Heavy Load 2-46
2026-03-05 11:17:02,148 INFO o.a.j.t.JMeterThread: Thread started: Thread Group 2 - Heavy Load 2-47
2026-03-05 11:17:02,307 INFO o.a.j.t.JMeterThread: Thread is done: Thread Group 2 - Heavy Load 2-47
2026-03-05 11:17:02,307 INFO o.a.j.t.JMeterThread: Thread finished: Thread Group 2 - Heavy Load 2-47
2026-03-05 11:17:02,749 INFO o.a.j.t.JMeterThread: Thread started: Thread Group 2 - Heavy Load 2-48
2026-03-05 11:17:02,912 INFO o.a.j.t.JMeterThread: Thread is done: Thread Group 2 - Heavy Load 2-48
2026-03-05 11:17:02,912 INFO o.a.j.t.JMeterThread: Thread finished: Thread Group 2 - Heavy Load 2-48
2026-03-05 11:17:03,351 INFO o.a.j.t.JMeterThread: Thread started: Thread Group 2 - Heavy Load 2-49
2026-03-05 11:17:03,518 INFO o.a.j.t.JMeterThread: Thread is done: Thread Group 2 - Heavy Load 2-49
2026-03-05 11:17:03,518 INFO o.a.j.t.JMeterThread: Thread finished: Thread Group 2 - Heavy Load 2-49
2026-03-05 11:17:03,957 INFO o.a.j.t.JMeterThread: Thread started: Thread Group 2 - Heavy Load 2-50
2026-03-05 11:17:04,126 INFO o.a.j.t.JMeterThread: Thread is done: Thread Group 2 - Heavy Load 2-50
2026-03-05 11:17:04,126 INFO o.a.j.t.JMeterThread: Thread finished: Thread Group 2 - Heavy Load 2-50
2026-03-05 11:17:30,000 INFO o.a.j.r.Summariser: summary +  14643 in 00:00:30 =  488.2/s Avg:    40 Min:    34 Max:  1040 Err: 14643 (100.00%) Active: 20 Started: 80 Finished: 60
2026-03-05 11:17:30,003 INFO o.a.j.r.Summariser: summary =  26102 in 00:00:55 =  470.5/s Avg:    42 Min:    34 Max:  1159 Err: 26102 (100.00%)
2026-03-05 11:17:34,566 INFO o.a.j.t.JMeterThread: Stopping because end time detected by thread: Thread Group 3 - Custom Load 3-1
2026-03-05 11:17:34,566 INFO o.a.j.t.JMeterThread: Thread finished: Thread Group 3 - Custom Load 3-1
2026-03-05 11:17:34,570 INFO o.a.j.t.JMeterThread: Stopping because end time detected by thread: Thread Group 3 - Custom Load 3-4
2026-03-05 11:17:34,570 INFO o.a.j.t.JMeterThread: Thread finished: Thread Group 3 - Custom Load 3-4
2026-03-05 11:17:34,573 INFO o.a.j.t.JMeterThread: Stopping because end time detected by thread: Thread Group 3 - Custom Load 3-16
2026-03-05 11:17:34,573 INFO o.a.j.t.JMeterThread: Stopping because end time detected by thread: Thread Group 3 - Custom Load 3-13
2026-03-05 11:17:34,573 INFO o.a.j.t.JMeterThread: Stopping because end time detected by thread: Thread Group 3 - Custom Load 3-2
2026-03-05 11:17:34,574 INFO o.a.j.t.JMeterThread: Thread finished: Thread Group 3 - Custom Load 3-13
2026-03-05 11:17:34,573 INFO o.a.j.t.JMeterThread: Thread finished: Thread Group 3 - Custom Load 3-16
2026-03-05 11:17:34,574 INFO o.a.j.t.JMeterThread: Thread finished: Thread Group 3 - Custom Load 3-2
2026-03-05 11:17:34,578 INFO o.a.j.t.JMeterThread: Stopping because end time detected by thread: Thread Group 3 - Custom Load 3-19
2026-03-05 11:17:34,578 INFO o.a.j.t.JMeterThread: Stopping because end time detected by thread: Thread Group 3 - Custom Load 3-18
2026-03-05 11:17:34,578 INFO o.a.j.t.JMeterThread: Stopping because end time detected by thread: Thread Group 3 - Custom Load 3-10
2026-03-05 11:17:34,578 INFO o.a.j.t.JMeterThread: Thread finished: Thread Group 3 - Custom Load 3-18
2026-03-05 11:17:34,578 INFO o.a.j.t.JMeterThread: Stopping because end time detected by thread: Thread Group 3 - Custom Load 3-7
2026-03-05 11:17:34,578 INFO o.a.j.t.JMeterThread: Stopping because end time detected by thread: Thread Group 3 - Custom Load 3-8
2026-03-05 11:17:34,578 INFO o.a.j.t.JMeterThread: Thread finished: Thread Group 3 - Custom Load 3-7
2026-03-05 11:17:34,578 INFO o.a.j.t.JMeterThread: Thread finished: Thread Group 3 - Custom Load 3-8
2026-03-05 11:17:34,578 INFO o.a.j.t.JMeterThread: Thread finished: Thread Group 3 - Custom Load 3-19
2026-03-05 11:17:34,578 INFO o.a.j.t.JMeterThread: Thread finished: Thread Group 3 - Custom Load 3-10
2026-03-05 11:17:34,579 INFO o.a.j.t.JMeterThread: Stopping because end time detected by thread: Thread Group 3 - Custom Load 3-3
2026-03-05 11:17:34,579 INFO o.a.j.t.JMeterThread: Stopping because end time detected by thread: Thread Group 3 - Custom Load 3-6
2026-03-05 11:17:34,579 INFO o.a.j.t.JMeterThread: Stopping because end time detected by thread: Thread Group 3 - Custom Load 3-17
2026-03-05 11:17:34,579 INFO o.a.j.t.JMeterThread: Thread finished: Thread Group 3 - Custom Load 3-6
2026-03-05 11:17:34,579 INFO o.a.j.t.JMeterThread: Thread finished: Thread Group 3 - Custom Load 3-3
2026-03-05 11:17:34,579 INFO o.a.j.t.JMeterThread: Thread finished: Thread Group 3 - Custom Load 3-17
2026-03-05 11:17:34,582 INFO o.a.j.t.JMeterThread: Stopping because end time detected by thread: Thread Group 3 - Custom Load 3-15
2026-03-05 11:17:34,582 INFO o.a.j.t.JMeterThread: Stopping because end time detected by thread: Thread Group 3 - Custom Load 3-5
2026-03-05 11:17:34,582 INFO o.a.j.t.JMeterThread: Thread finished: Thread Group 3 - Custom Load 3-15
2026-03-05 11:17:34,582 INFO o.a.j.t.JMeterThread: Thread finished: Thread Group 3 - Custom Load 3-5
2026-03-05 11:17:34,589 INFO o.a.j.t.JMeterThread: Stopping because end time detected by thread: Thread Group 3 - Custom Load 3-11
2026-03-05 11:17:34,589 INFO o.a.j.t.JMeterThread: Thread finished: Thread Group 3 - Custom Load 3-11
2026-03-05 11:17:34,593 INFO o.a.j.t.JMeterThread: Stopping because end time detected by thread: Thread Group 3 - Custom Load 3-9
2026-03-05 11:17:34,594 INFO o.a.j.t.JMeterThread: Thread finished: Thread Group 3 - Custom Load 3-9
2026-03-05 11:17:34,602 INFO o.a.j.t.JMeterThread: Stopping because end time detected by thread: Thread Group 3 - Custom Load 3-12
2026-03-05 11:17:34,602 INFO o.a.j.t.JMeterThread: Thread finished: Thread Group 3 - Custom Load 3-12
2026-03-05 11:17:34,610 INFO o.a.j.t.JMeterThread: Stopping because end time detected by thread: Thread Group 3 - Custom Load 3-14
2026-03-05 11:17:34,610 INFO o.a.j.t.JMeterThread: Stopping because end time detected by thread: Thread Group 3 - Custom Load 3-20
2026-03-05 11:17:34,610 INFO o.a.j.t.JMeterThread: Thread finished: Thread Group 3 - Custom Load 3-14
2026-03-05 11:17:34,610 INFO o.a.j.t.JMeterThread: Thread finished: Thread Group 3 - Custom Load 3-20
2026-03-05 11:17:34,611 INFO o.a.j.e.StandardJMeterEngine: Notifying test listeners of end of test
2026-03-05 11:17:34,612 INFO o.a.j.r.Summariser: summary +   2326 in 00:00:05 =  504.3/s Avg:    39 Min:    35 Max:    91 Err:  2326 (100.00%) Active: 0 Started: 80 Finished: 80
2026-03-05 11:17:34,612 INFO o.a.j.r.Summariser: summary =  28428 in 00:01:00 =  473.1/s Avg:    42 Min:    34 Max:  1159 Err: 28428 (100.00%)
